// Jest Snapshot v1, https://goo.gl/fbAQLP

exports[`<ProfileMenu /> should render the menu 1`] = `
.c2 {
  display: inline-block;
  vertical-align: middle;
  overflow: hidden;
}

.c0 {
  display: -webkit-box;
  display: -webkit-flex;
  display: -ms-flexbox;
  display: flex;
  border-bottom: 0.1rem solid #EAEAEA;
}

.c1 {
  -webkit-text-decoration: none;
  text-decoration: none;
  display: -webkit-box;
  display: -webkit-flex;
  display: -ms-flexbox;
  display: flex;
  -webkit-align-items: center;
  -webkit-box-align: center;
  -ms-flex-align: center;
  align-items: center;
  padding: 1.6rem 2.4rem;
  -webkit-transition: background,color,0.3s ease-in-out;
  transition: background,color,0.3s ease-in-out;
  background: #FAFAFA;
  color: #030517;
}

.c1:hover {
  background: #F231A5;
  color: #FAFAFA;
}

.c1 > span {
  margin-left: 1.6rem;
}

@media (min-width:768px) {
  .c0 {
    -webkit-flex-direction: column;
    -ms-flex-direction: column;
    flex-direction: column;
    border: 0;
  }

  .c0 a:not(:last-child) {
    border-bottom: 0.1rem solid #EAEAEA;
  }
}

@media (max-width:768px) {
  .c1 {
    -webkit-box-pack: center;
    -webkit-justify-content: center;
    -ms-flex-pack: center;
    justify-content: center;
    -webkit-flex: 1;
    -ms-flex: 1;
    flex: 1;
  }

  .c1 > span {
    display: none;
  }
}

<nav
  class="c0"
>
  <a
    class="c1"
    href="/profile/me"
    title="My profile"
  >
    <svg
      aria-hidden="true"
      class="c2"
      fill="currentColor"
      focusable="false"
      height="24"
      viewBox="0 0 24 24"
      width="24"
      xmlns="http://www.w3.org/2000/svg"
    >
      <path
        d="M0 0h24v24H0V0z"
        fill="none"
      />
      <path
        d="M12 2C6.48 2 2 6.48 2 12s4.48 10 10 10 10-4.48 10-10S17.52 2 12 2zM7.07 18.28c.43-.9 3.05-1.78 4.93-1.78s4.51.88 4.93 1.78C15.57 19.36 13.86 20 12 20s-3.57-.64-4.93-1.72zm11.29-1.45c-1.43-1.74-4.9-2.33-6.36-2.33s-4.93.59-6.36 2.33A7.95 7.95 0 014 12c0-4.41 3.59-8 8-8s8 3.59 8 8c0 1.82-.62 3.49-1.64 4.83zM12 6c-1.94 0-3.5 1.56-3.5 3.5S10.06 13 12 13s3.5-1.56 3.5-3.5S13.94 6 12 6zm0 5c-.83 0-1.5-.67-1.5-1.5S11.17 8 12 8s1.5.67 1.5 1.5S12.83 11 12 11z"
      />
    </svg>
    <span>
      My profile
    </span>
  </a>
  <a
    class="c1"
    href="/profile/cards"
    title="My cards"
  >
    <svg
      aria-hidden="true"
      class="c2"
      fill="currentColor"
      focusable="false"
      height="24"
      viewBox="0 0 24 24"
      width="24"
      xmlns="http://www.w3.org/2000/svg"
    >
      <path
        d="M0 0h24v24H0V0z"
        fill="none"
      />
      <path
        d="M20 4H4c-1.11 0-1.99.89-1.99 2L2 18c0 1.11.89 2 2 2h16c1.11 0 2-.89 2-2V6c0-1.11-.89-2-2-2zm0 14H4v-6h16v6zm0-10H4V6h16v2z"
      />
    </svg>
    <span>
      My cards
    </span>
  </a>
  <a
    class="c1"
    href="/profile/orders"
    title="My orders"
  >
    <svg
      aria-hidden="true"
      class="c2"
      fill="currentColor"
      focusable="false"
      height="24"
      viewBox="0 0 24 24"
      width="24"
      xmlns="http://www.w3.org/2000/svg"
    >
      <path
        d="M0 0h24v24H0V0z"
        fill="none"
      />
      <path
        d="M4 10.5c-.83 0-1.5.67-1.5 1.5s.67 1.5 1.5 1.5 1.5-.67 1.5-1.5-.67-1.5-1.5-1.5zm0-6c-.83 0-1.5.67-1.5 1.5S3.17 7.5 4 7.5 5.5 6.83 5.5 6 4.83 4.5 4 4.5zm0 12c-.83 0-1.5.68-1.5 1.5s.68 1.5 1.5 1.5 1.5-.68 1.5-1.5-.67-1.5-1.5-1.5zM7 19h14v-2H7v2zm0-6h14v-2H7v2zm0-8v2h14V5H7z"
      />
    </svg>
    <span>
      My orders
    </span>
  </a>
  <a
    class="c1"
    href="/logout"
  >
    <svg
      class="c2"
      fill="currentColor"
      focusable="false"
      height="24"
      role="img"
      viewBox="0 0 24 24"
      width="24"
      xmlns="http://www.w3.org/2000/svg"
    >
      <title>
        Sign out
      </title>
      <path
        d="M0 0h24v24H0V0z"
        fill="none"
      />
      <path
        d="M10.09 15.59L11.5 17l5-5-5-5-1.41 1.41L12.67 11H3v2h9.67l-2.58 2.59zM19 3H5a2 2 0 00-2 2v4h2V5h14v14H5v-4H3v4a2 2 0 002 2h14c1.1 0 2-.9 2-2V5c0-1.1-.9-2-2-2z"
      />
    </svg>
    <span>
      Sign out
    </span>
  </a>
</nav>
`;
